0 verbose cli /usr/bin/node /usr/bin/npm
1 info using npm@10.8.2
2 info using node@v20.20.2
3 silly config load:file:/usr/lib/node_modules/npm/npmrc
4 silly config load:file:/home/user/.npmrc
5 silly config load:file:/usr/etc/npmrc
6 verbose title npm install
7 verbose argv "install"
8 verbose logfile logs-max:10 dir:/home/user/.npm/_logs/2026-09-30T07_21_25_249Z-
9 verbose logfile /home/user/.npm/_logs/2026-09-30T07_21_25_249Z-debug-0.log
10 silly packumentCache heap:998768640 maxSize:249692160 maxEntrySize:124846080
11 silly logfile done cleaning log files
12 silly idealTree buildDeps
13 silly reify moves {}
14 silly audit bulk request {
14 silly audit   '@oxc-project/types': [ '0.151.0' ],
14 silly audit   '@rolldown/binding-android-arm-eabi': [ '1.2.11' ],
14 silly audit   '@rolldown/binding-android-arm64': [ '1.2.11' ],
14 silly audit   '@rolldown/binding-darwin-arm64': [ '1.2.11' ],
14 silly audit   '@rolldown/binding-darwin-x64': [ '1.2.11' ],
14 silly audit   '@rolldown/binding-freebsd-x64': [ '1.2.11' ],
14 silly audit   '@rolldown/binding-linux-arm-gnueabihf': [ '1.2.11' ],
14 silly audit   '@rolldown/binding-linux-arm64-gnu': [ '1.2.11' ],
14 silly audit   '@rolldown/binding-linux-arm64-musl': [ '1.2.11' ],
14 silly audit   '@rolldown/binding-linux-ppc64-gnu': [ '1.2.11' ],
14 silly audit   '@rolldown/binding-linux-s390x-gnu': [ '1.2.11' ],
14 silly audit   '@rolldown/binding-linux-x64-gnu': [ '1.2.11' ],
14 silly audit   '@rolldown/binding-linux-x64-musl': [ '1.2.11' ],
14 silly audit   '@rolldown/binding-openharmony-arm64': [ '1.2.11' ],
14 silly audit   '@rolldown/binding-win32-arm64-msvc': [ '1.2.11' ],
14 silly audit   '@rolldown/binding-win32-x64-msvc': [ '1.2.11' ],
14 silly audit   '@rolldown/pluginutils': [ '1.0.1' ],
14 silly audit   '@types/react': [ '19.3.0' ],
14 silly audit   '@types/react-dom': [ '19.3.0' ],
14 silly audit   '@typescript/typescript-aix-ppc64': [ '7.0.2' ],
14 silly audit   '@typescript/typescript-darwin-arm64': [ '7.0.2' ],
14 silly audit   '@typescript/typescript-darwin-x64': [ '7.0.2' ],
14 silly audit   '@typescript/typescript-freebsd-arm64': [ '7.0.2' ],
14 silly audit   '@typescript/typescript-freebsd-x64': [ '7.0.2' ],
14 silly audit   '@typescript/typescript-linux-arm': [ '7.0.2' ],
14 silly audit   '@typescript/typescript-linux-arm64': [ '7.0.2' ],
14 silly audit   '@typescript/typescript-linux-loong64': [ '7.0.2' ],
14 silly audit   '@typescript/typescript-linux-mips64el': [ '7.0.2' ],
14 silly audit   '@typescript/typescript-linux-ppc64': [ '7.0.2' ],
14 silly audit   '@typescript/typescript-linux-riscv64': [ '7.0.2' ],
14 silly audit   '@typescript/typescript-linux-s390x': [ '7.0.2' ],
14 silly audit   '@typescript/typescript-linux-x64': [ '7.0.2' ],
14 silly audit   '@typescript/typescript-netbsd-arm64': [ '7.0.2' ],
14 silly audit   '@typescript/typescript-netbsd-x64': [ '7.0.2' ],
14 silly audit   '@typescript/typescript-openbsd-arm64': [ '7.0.2' ],
14 silly audit   '@typescript/typescript-openbsd-x64': [ '7.0.2' ],
14 silly audit   '@typescript/typescript-sunos-x64': [ '7.0.2' ],
14 silly audit   '@typescript/typescript-win32-arm64': [ '7.0.2' ],
14 silly audit   '@typescript/typescript-win32-x64': [ '7.0.2' ],
14 silly audit   '@vitejs/plugin-react': [ '6.1.1' ],
14 silly audit   csstype: [ '3.2.3' ],
14 silly audit   'detect-libc': [ '2.1.2' ],
14 silly audit   fdir: [ '6.5.0' ],
14 silly audit   fsevents: [ '2.3.3' ],
14 silly audit   lightningcss: [ '1.33.0' ],
14 silly audit   'lightningcss-android-arm64': [ '1.33.0' ],
14 silly audit   'lightningcss-darwin-arm64': [ '1.33.0' ],
14 silly audit   'lightningcss-darwin-x64': [ '1.33.0' ],
14 silly audit   'lightningcss-freebsd-x64': [ '1.33.0' ],
14 silly audit   'lightningcss-linux-arm-gnueabihf': [ '1.33.0' ],
14 silly audit   'lightningcss-linux-arm64-gnu': [ '1.33.0' ],
14 silly audit   'lightningcss-linux-arm64-musl': [ '1.33.0' ],
14 silly audit   'lightningcss-linux-x64-gnu': [ '1.33.0' ],
14 silly audit   'lightningcss-linux-x64-musl': [ '1.33.0' ],
14 silly audit   'lightningcss-win32-arm64-msvc': [ '1.33.0' ],
14 silly audit   'lightningcss-win32-x64-msvc': [ '1.33.0' ],
14 silly audit   'lucide-react': [ '1.49.0' ],
14 silly audit   nanoid: [ '3.3.19' ],
14 silly audit   picocolors: [ '1.1.1' ],
14 silly audit   picomatch: [ '4.0.7' ],
14 silly audit   postcss: [ '8.5.28' ],
14 silly audit   react: [ '19.3.0' ],
14 silly audit   'react-dom': [ '19.3.0' ],
14 silly audit   rolldown: [ '1.2.11' ],
14 silly audit   scheduler: [ '0.28.0' ],
14 silly audit   'source-map-js': [ '1.2.1' ],
14 silly audit   tinyglobby: [ '0.2.17' ],
14 silly audit   typescript: [ '7.0.2' ],
14 silly audit   vite: [ '8.3.1' ]
14 silly audit }
15 verbose reify failed optional dependency /home/user/node_modules/lightningcss-win32-x64-msvc
16 silly reify mark deleted [ '/home/user/node_modules/lightningcss-win32-x64-msvc' ]
17 verbose reify failed optional dependency /home/user/node_modules/lightningcss-win32-arm64-msvc
18 silly reify mark deleted [ '/home/user/node_modules/lightningcss-win32-arm64-msvc' ]
19 verbose reify failed optional dependency /home/user/node_modules/lightningcss-linux-arm64-musl
20 silly reify mark deleted [ '/home/user/node_modules/lightningcss-linux-arm64-musl' ]
21 verbose reify failed optional dependency /home/user/node_modules/lightningcss-linux-arm64-gnu
22 silly reify mark deleted [ '/home/user/node_modules/lightningcss-linux-arm64-gnu' ]
23 verbose reify failed optional dependency /home/user/node_modules/lightningcss-linux-arm-gnueabihf
24 silly reify mark deleted [ '/home/user/node_modules/lightningcss-linux-arm-gnueabihf' ]
25 verbose reify failed optional dependency /home/user/node_modules/lightningcss-freebsd-x64
26 silly reify mark deleted [ '/home/user/node_modules/lightningcss-freebsd-x64' ]
27 verbose reify failed optional dependency /home/user/node_modules/lightningcss-darwin-x64
28 silly reify mark deleted [ '/home/user/node_modules/lightningcss-darwin-x64' ]
29 verbose reify failed optional dependency /home/user/node_modules/lightningcss-darwin-arm64
30 silly reify mark deleted [ '/home/user/node_modules/lightningcss-darwin-arm64' ]
31 verbose reify failed optional dependency /home/user/node_modules/lightningcss-android-arm64
32 silly reify mark deleted [ '/home/user/node_modules/lightningcss-android-arm64' ]
33 verbose reify failed optional dependency /home/user/node_modules/fsevents
34 silly reify mark deleted [ '/home/user/node_modules/fsevents' ]
35 verbose reify failed optional dependency /home/user/node_modules/@typescript/typescript-win32-x64
36 silly reify mark deleted [ '/home/user/node_modules/@typescript/typescript-win32-x64' ]
37 verbose reify failed optional dependency /home/user/node_modules/@typescript/typescript-win32-arm64
38 silly reify mark deleted [ '/home/user/node_modules/@typescript/typescript-win32-arm64' ]
39 verbose reify failed optional dependency /home/user/node_modules/@typescript/typescript-sunos-x64
40 silly reify mark deleted [ '/home/user/node_modules/@typescript/typescript-sunos-x64' ]
41 verbose reify failed optional dependency /home/user/node_modules/@typescript/typescript-openbsd-x64
42 silly reify mark deleted [ '/home/user/node_modules/@typescript/typescript-openbsd-x64' ]
43 verbose reify failed optional dependency /home/user/node_modules/@typescript/typescript-openbsd-arm64
44 silly reify mark deleted [ '/home/user/node_modules/@typescript/typescript-openbsd-arm64' ]
45 verbose reify failed optional dependency /home/user/node_modules/@typescript/typescript-netbsd-x64
46 silly reify mark deleted [ '/home/user/node_modules/@typescript/typescript-netbsd-x64' ]
47 verbose reify failed optional dependency /home/user/node_modules/@typescript/typescript-netbsd-arm64
48 silly reify mark deleted [ '/home/user/node_modules/@typescript/typescript-netbsd-arm64' ]
49 verbose reify failed optional dependency /home/user/node_modules/@typescript/typescript-linux-s390x
50 silly reify mark deleted [ '/home/user/node_modules/@typescript/typescript-linux-s390x' ]
51 verbose reify failed optional dependency /home/user/node_modules/@typescript/typescript-linux-riscv64
52 silly reify mark deleted [ '/home/user/node_modules/@typescript/typescript-linux-riscv64' ]
53 verbose reify failed optional dependency /home/user/node_modules/@typescript/typescript-linux-ppc64
54 silly reify mark deleted [ '/home/user/node_modules/@typescript/typescript-linux-ppc64' ]
55 verbose reify failed optional dependency /home/user/node_modules/@typescript/typescript-linux-mips64el
56 silly reify mark deleted [ '/home/user/node_modules/@typescript/typescript-linux-mips64el' ]
57 verbose reify failed optional dependency /home/user/node_modules/@typescript/typescript-linux-loong64
58 silly reify mark deleted [ '/home/user/node_modules/@typescript/typescript-linux-loong64' ]
59 verbose reify failed optional dependency /home/user/node_modules/@typescript/typescript-linux-arm64
60 silly reify mark deleted [ '/home/user/node_modules/@typescript/typescript-linux-arm64' ]
61 verbose reify failed optional dependency /home/user/node_modules/@typescript/typescript-linux-arm
62 silly reify mark deleted [ '/home/user/node_modules/@typescript/typescript-linux-arm' ]
63 verbose reify failed optional dependency /home/user/node_modules/@typescript/typescript-freebsd-x64
64 silly reify mark deleted [ '/home/user/node_modules/@typescript/typescript-freebsd-x64' ]
65 verbose reify failed optional dependency /home/user/node_modules/@typescript/typescript-freebsd-arm64
66 silly reify mark deleted [ '/home/user/node_modules/@typescript/typescript-freebsd-arm64' ]
67 verbose reify failed optional dependency /home/user/node_modules/@typescript/typescript-darwin-x64
68 silly reify mark deleted [ '/home/user/node_modules/@typescript/typescript-darwin-x64' ]
69 verbose reify failed optional dependency /home/user/node_modules/@typescript/typescript-darwin-arm64
70 silly reify mark deleted [ '/home/user/node_modules/@typescript/typescript-darwin-arm64' ]
71 verbose reify failed optional dependency /home/user/node_modules/@typescript/typescript-aix-ppc64
72 silly reify mark deleted [ '/home/user/node_modules/@typescript/typescript-aix-ppc64' ]
73 verbose reify failed optional dependency /home/user/node_modules/@rolldown/binding-win32-x64-msvc
74 silly reify mark deleted [ '/home/user/node_modules/@rolldown/binding-win32-x64-msvc' ]
75 verbose reify failed optional dependency /home/user/node_modules/@rolldown/binding-win32-arm64-msvc
76 silly reify mark deleted [ '/home/user/node_modules/@rolldown/binding-win32-arm64-msvc' ]
77 verbose reify failed optional dependency /home/user/node_modules/@rolldown/binding-openharmony-arm64
78 silly reify mark deleted [ '/home/user/node_modules/@rolldown/binding-openharmony-arm64' ]
79 verbose reify failed optional dependency /home/user/node_modules/@rolldown/binding-linux-s390x-gnu
80 silly reify mark deleted [ '/home/user/node_modules/@rolldown/binding-linux-s390x-gnu' ]
81 verbose reify failed optional dependency /home/user/node_modules/@rolldown/binding-linux-ppc64-gnu
82 silly reify mark deleted [ '/home/user/node_modules/@rolldown/binding-linux-ppc64-gnu' ]
83 verbose reify failed optional dependency /home/user/node_modules/@rolldown/binding-linux-arm64-musl
84 silly reify mark deleted [ '/home/user/node_modules/@rolldown/binding-linux-arm64-musl' ]
85 verbose reify failed optional dependency /home/user/node_modules/@rolldown/binding-linux-arm64-gnu
86 silly reify mark deleted [ '/home/user/node_modules/@rolldown/binding-linux-arm64-gnu' ]
87 verbose reify failed optional dependency /home/user/node_modules/@rolldown/binding-linux-arm-gnueabihf
88 silly reify mark deleted [ '/home/user/node_modules/@rolldown/binding-linux-arm-gnueabihf' ]
89 verbose reify failed optional dependency /home/user/node_modules/@rolldown/binding-freebsd-x64
90 silly reify mark deleted [ '/home/user/node_modules/@rolldown/binding-freebsd-x64' ]
91 verbose reify failed optional dependency /home/user/node_modules/@rolldown/binding-darwin-x64
92 silly reify mark deleted [ '/home/user/node_modules/@rolldown/binding-darwin-x64' ]
93 verbose reify failed optional dependency /home/user/node_modules/@rolldown/binding-darwin-arm64
94 silly reify mark deleted [ '/home/user/node_modules/@rolldown/binding-darwin-arm64' ]
95 verbose reify failed optional dependency /home/user/node_modules/@rolldown/binding-android-arm64
96 silly reify mark deleted [ '/home/user/node_modules/@rolldown/binding-android-arm64' ]
97 verbose reify failed optional dependency /home/user/node_modules/@rolldown/binding-android-arm-eabi
98 silly reify mark deleted [ '/home/user/node_modules/@rolldown/binding-android-arm-eabi' ]
99 silly tarball no local data for vite@https://registry.npmjs.org/vite/-/vite-8.3.1.tgz. Extracting by manifest.
100 silly tarball no local data for typescript@https://registry.npmjs.org/typescript/-/typescript-7.0.2.tgz. Extracting by manifest.
101 silly tarball no local data for tinyglobby@https://registry.npmjs.org/tinyglobby/-/tinyglobby-0.2.17.tgz. Extracting by manifest.
102 silly tarball no local data for source-map-js@https://registry.npmjs.org/source-map-js/-/source-map-js-1.2.1.tgz. Extracting by manifest.
103 silly tarball no local data for scheduler@https://registry.npmjs.org/scheduler/-/scheduler-0.28.0.tgz. Extracting by manifest.
104 silly tarball no local data for rolldown@https://registry.npmjs.org/rolldown/-/rolldown-1.2.11.tgz. Extracting by manifest.
105 silly tarball no local data for react-dom@https://registry.npmjs.org/react-dom/-/react-dom-19.3.0.tgz. Extracting by manifest.
106 silly tarball no local data for react@https://registry.npmjs.org/react/-/react-19.3.0.tgz. Extracting by manifest.
107 silly tarball no local data for postcss@https://registry.npmjs.org/postcss/-/postcss-8.5.28.tgz. Extracting by manifest.
108 silly tarball no local data for picomatch@https://registry.npmjs.org/picomatch/-/picomatch-4.0.7.tgz. Extracting by manifest.
109 silly tarball no local data for picocolors@https://registry.npmjs.org/picocolors/-/picocolors-1.1.1.tgz. Extracting by manifest.
110 silly tarball no local data for nanoid@https://registry.npmjs.org/nanoid/-/nanoid-3.3.19.tgz. Extracting by manifest.
111 silly tarball no local data for lucide-react@https://registry.npmjs.org/lucide-react/-/lucide-react-1.49.0.tgz. Extracting by manifest.
112 silly tarball no local data for lightningcss-linux-x64-musl@https://registry.npmjs.org/lightningcss-linux-x64-musl/-/lightningcss-linux-x64-musl-1.33.0.tgz. Extracting by manifest.
113 silly tarball no local data for lightningcss-linux-x64-gnu@https://registry.npmjs.org/lightningcss-linux-x64-gnu/-/lightningcss-linux-x64-gnu-1.33.0.tgz. Extracting by manifest.
114 silly tarball no local data for lightningcss@https://registry.npmjs.org/lightningcss/-/lightningcss-1.33.0.tgz. Extracting by manifest.
115 silly tarball no local data for fdir@https://registry.npmjs.org/fdir/-/fdir-6.5.0.tgz. Extracting by manifest.
116 silly tarball no local data for detect-libc@https://registry.npmjs.org/detect-libc/-/detect-libc-2.1.2.tgz. Extracting by manifest.
117 silly tarball no local data for csstype@https://registry.npmjs.org/csstype/-/csstype-3.2.3.tgz. Extracting by manifest.
118 silly tarball no local data for @vitejs/plugin-react@https://registry.npmjs.org/@vitejs/plugin-react/-/plugin-react-6.1.1.tgz. Extracting by manifest.
119 silly tarball no local data for @typescript/typescript-linux-x64@https://registry.npmjs.org/@typescript/typescript-linux-x64/-/typescript-linux-x64-7.0.2.tgz. Extracting by manifest.
120 silly tarball no local data for @types/react-dom@https://registry.npmjs.org/@types/react-dom/-/react-dom-19.3.0.tgz. Extracting by manifest.
121 silly tarball no local data for @types/react@https://registry.npmjs.org/@types/react/-/react-19.3.0.tgz. Extracting by manifest.
122 silly tarball no local data for @rolldown/pluginutils@https://registry.npmjs.org/@rolldown/pluginutils/-/pluginutils-1.0.1.tgz. Extracting by manifest.
123 silly tarball no local data for @rolldown/binding-linux-x64-musl@https://registry.npmjs.org/@rolldown/binding-linux-x64-musl/-/binding-linux-x64-musl-1.2.11.tgz. Extracting by manifest.
124 silly tarball no local data for @rolldown/binding-linux-x64-gnu@https://registry.npmjs.org/@rolldown/binding-linux-x64-gnu/-/binding-linux-x64-gnu-1.2.11.tgz. Extracting by manifest.
125 silly tarball no local data for @oxc-project/types@https://registry.npmjs.org/@oxc-project/types/-/types-0.151.0.tgz. Extracting by manifest.
126 http fetch POST 200 https://registry.npmjs.org/-/npm/v1/security/advisories/bulk 172ms
127 silly audit report {}
128 http fetch GET 200 https://registry.npmjs.org/picocolors/-/picocolors-1.1.1.tgz 442ms (cache miss)
129 http fetch GET 200 https://registry.npmjs.org/@oxc-project/types/-/types-0.151.0.tgz 431ms (cache miss)
130 http fetch GET 200 https://registry.npmjs.org/tinyglobby/-/tinyglobby-0.2.17.tgz 450ms (cache miss)
131 http fetch GET 200 https://registry.npmjs.org/scheduler/-/scheduler-0.28.0.tgz 458ms (cache miss)
132 http fetch GET 200 https://registry.npmjs.org/@rolldown/pluginutils/-/pluginutils-1.0.1.tgz 446ms (cache miss)
133 http fetch GET 200 https://registry.npmjs.org/nanoid/-/nanoid-3.3.19.tgz 460ms (cache miss)
134 http fetch GET 200 https://registry.npmjs.org/fdir/-/fdir-6.5.0.tgz 459ms (cache miss)
135 http fetch GET 200 https://registry.npmjs.org/detect-libc/-/detect-libc-2.1.2.tgz 465ms (cache miss)
136 http fetch GET 200 https://registry.npmjs.org/@types/react-dom/-/react-dom-19.3.0.tgz 465ms (cache miss)
137 http fetch GET 200 https://registry.npmjs.org/@vitejs/plugin-react/-/plugin-react-6.1.1.tgz 468ms (cache miss)
138 http fetch GET 200 https://registry.npmjs.org/picomatch/-/picomatch-4.0.7.tgz 493ms (cache miss)
139 http fetch GET 200 https://registry.npmjs.org/@types/react/-/react-19.3.0.tgz 500ms (cache miss)
140 http fetch GET 200 https://registry.npmjs.org/source-map-js/-/source-map-js-1.2.1.tgz 533ms (cache miss)
141 http fetch GET 200 https://registry.npmjs.org/react/-/react-19.3.0.tgz 548ms (cache miss)
142 http fetch GET 200 https://registry.npmjs.org/lightningcss/-/lightningcss-1.33.0.tgz 578ms (cache miss)
143 http fetch GET 200 https://registry.npmjs.org/csstype/-/csstype-3.2.3.tgz 590ms (cache miss)
144 http fetch GET 200 https://registry.npmjs.org/postcss/-/postcss-8.5.28.tgz 612ms (cache miss)
145 http fetch GET 200 https://registry.npmjs.org/rolldown/-/rolldown-1.2.11.tgz 667ms (cache miss)
146 http fetch GET 200 https://registry.npmjs.org/vite/-/vite-8.3.1.tgz 780ms (cache miss)
147 http fetch GET 200 https://registry.npmjs.org/react-dom/-/react-dom-19.3.0.tgz 1106ms (cache miss)
148 http fetch GET 200 https://registry.npmjs.org/typescript/-/typescript-7.0.2.tgz 1201ms (cache miss)
149 http fetch GET 200 https://registry.npmjs.org/lightningcss-linux-x64-musl/-/lightningcss-linux-x64-musl-1.33.0.tgz 1238ms (cache miss)
150 http fetch GET 200 https://registry.npmjs.org/lightningcss-linux-x64-gnu/-/lightningcss-linux-x64-gnu-1.33.0.tgz 1240ms (cache miss)
151 http fetch GET 200 https://registry.npmjs.org/@rolldown/binding-linux-x64-musl/-/binding-linux-x64-musl-1.2.11.tgz 1489ms (cache miss)
152 http fetch GET 200 https://registry.npmjs.org/@rolldown/binding-linux-x64-gnu/-/binding-linux-x64-gnu-1.2.11.tgz 1516ms (cache miss)
153 http fetch GET 200 https://registry.npmjs.org/@typescript/typescript-linux-x64/-/typescript-linux-x64-7.0.2.tgz 1663ms (cache miss)
154 http fetch GET 200 https://registry.npmjs.org/lucide-react/-/lucide-react-1.49.0.tgz 2309ms (cache miss)
155 silly ADD node_modules/vite
156 silly ADD node_modules/typescript
157 silly ADD node_modules/tinyglobby
158 silly ADD node_modules/source-map-js
159 silly ADD node_modules/scheduler
160 silly ADD node_modules/rolldown
161 silly ADD node_modules/react-dom
162 silly ADD node_modules/react
163 silly ADD node_modules/postcss
164 silly ADD node_modules/picomatch
165 silly ADD node_modules/picocolors
166 silly ADD node_modules/nanoid
167 silly ADD node_modules/lucide-react
168 silly ADD
169 silly ADD
170 silly ADD node_modules/lightningcss-linux-x64-musl
171 silly ADD node_modules/lightningcss-linux-x64-gnu
172 silly ADD
173 silly ADD
174 silly ADD
175 silly ADD
176 silly ADD
177 silly ADD
178 silly ADD
179 silly ADD node_modules/lightningcss
180 silly ADD
181 silly ADD node_modules/fdir
182 silly ADD node_modules/detect-libc
183 silly ADD node_modules/csstype
184 silly ADD node_modules/@vitejs/plugin-react
185 silly ADD
186 silly ADD
187 silly ADD
188 silly ADD
189 silly ADD
190 silly ADD
191 silly ADD
192 silly ADD node_modules/@typescript/typescript-linux-x64
193 silly ADD
194 silly ADD
195 silly ADD
196 silly ADD
197 silly ADD
198 silly ADD
199 silly ADD
200 silly ADD
201 silly ADD
202 silly ADD
203 silly ADD
204 silly ADD
205 silly ADD node_modules/@types/react-dom
206 silly ADD node_modules/@types/react
207 silly ADD node_modules/@rolldown/pluginutils
208 silly ADD
209 silly ADD
210 silly ADD
211 silly ADD node_modules/@rolldown/binding-linux-x64-musl
212 silly ADD node_modules/@rolldown/binding-linux-x64-gnu
213 silly ADD
214 silly ADD
215 silly ADD
216 silly ADD
217 silly ADD
218 silly ADD
219 silly ADD
220 silly ADD
221 silly ADD
222 silly ADD
223 silly ADD node_modules/@oxc-project/types
224 verbose cwd /home/user
225 verbose os Linux 6.1.158+
226 verbose node v20.20.2
227 verbose npm  v10.8.2
228 verbose exit 0
229 info ok
